// Jest Snapshot v1, https://goo.gl/fbAQLP

exports[`Movie should pass snapshot test 1`] = `
<div
  className="popup"
>
  <Link
    className="close-popup"
    onClick={[Function]}
    replace={false}
    to="/"
  >
    X
  </Link>
  <h1
    className="movie-title"
  />
  <p
    className="movie-release"
  >
    Released: 
  </p>
  <p
    className="movie-description"
  />
  <p
    className="movie-vote"
  >
    Average rating: 
  </p>
  <iframe
    allow="accelerometer; autoplay; encrypted-media; gyroscope; picture-in-picture"
    allowFullScreen={true}
    frameBorder="0"
    height="315"
    src="https://www.youtube.com/embed/undefined"
    width="560"
  />
  <span
    className="favorite-btn"
    onClick={[Function]}
  >
    â˜†
  </span>
</div>
`;
